// Jest Snapshot v1, https://goo.gl/fbAQLP

exports[`Todolist/EditableSpan EditableSpanStory smoke-test 1`] = `
<span>
  Title
</span>
`;
