// Jest Snapshot v1, https://goo.gl/fbAQLP

exports[`Todolist/Task1 Task1Story smoke-test 1`] = `
<div class>
  <span class="MuiButtonBase-root MuiCheckbox-root MuiCheckbox-colorPrimary PrivateSwitchBase-root MuiCheckbox-root MuiCheckbox-colorPrimary MuiCheckbox-root MuiCheckbox-colorPrimary css-12wnr2w-MuiButtonBase-root-MuiCheckbox-root">
    <input class="PrivateSwitchBase-input css-1m9pwf3"
           type="checkbox"
           data-indeterminate="false"
    >
    <svg class="MuiSvgIcon-root MuiSvgIcon-fontSizeMedium css-i4bv87-MuiSvgIcon-root"
         focusable="false"
         aria-hidden="true"
         viewbox="0 0 24 24"
         data-testid="CheckBoxOutlineBlankIcon"
    >
      <path d="M19 5v14H5V5h14m0-2H5c-1.1 0-2 .9-2 2v14c0 1.1.9 2 2 2h14c1.1 0 2-.9 2-2V5c0-1.1-.9-2-2-2z">
      </path>
    </svg>
    <span class="MuiTouchRipple-root css-8je8zh-MuiTouchRipple-root">
    </span>
  </span>
  <span>
    Milk
  </span>
  <button class="MuiButtonBase-root MuiIconButton-root MuiIconButton-sizeMedium css-78trlr-MuiButtonBase-root-MuiIconButton-root"
          tabindex="0"
          type="button"
  >
    <svg class="MuiSvgIcon-root MuiSvgIcon-fontSizeMedium css-i4bv87-MuiSvgIcon-root"
         focusable="false"
         aria-hidden="true"
         viewbox="0 0 24 24"
         data-testid="DeleteIcon"
    >
      <path d="M6 19c0 1.1.9 2 2 2h8c1.1 0 2-.9 2-2V7H6v12zM19 4h-3.5l-1-1h-5l-1 1H5v2h14V4z">
      </path>
    </svg>
    <span class="MuiTouchRipple-root css-8je8zh-MuiTouchRipple-root">
    </span>
  </button>
</div>
`;
